css/modes.css hillsfar 0
css/modes.css mass-effect 9565
css/modes.css gothic1 14031
css/modes.css risen2 16044
css/modes.css skyrim 21398
css/modes.css anachronox 26807
motion markers [(0, 'tools-shared'), (8870, 'map'), (19477, 'lair'), (34533, 'universal-lock'), (64893, 'inventory'), (76524, 'digital'), (99872, 'workbench')]
old link block count 0
Traceback (most recent call last):
  File "<stdin>", line 24, in <module>
AssertionError
transform_rc=1

> keynlock@0.253.0 check
> node scripts/check.mjs

file:///home/runner/work/keynlock/keynlock/scripts/check.mjs:8
const fail = message => { throw new Error(message); };
                                ^

Error: Missing index resource: css/modes.css
    at fail (file:///home/runner/work/keynlock/keynlock/scripts/check.mjs:8:33)
    at file:///home/runner/work/keynlock/keynlock/scripts/check.mjs:38:40
    at ModuleJob.run (node:internal/modules/esm/module_job:343:25)
    at async onImport.tracePromise.__proto__ (node:internal/modules/esm/loader:681:26)
    at async asyncRunEntryPointWithESMLoader (node:internal/modules/run_main:117:5)

Node.js v22.23.2
check_rc=1

> keynlock@0.253.0 smoke
> node scripts/smoke.mjs

file:///home/runner/work/keynlock/keynlock/scripts/check.mjs:8
const fail = message => { throw new Error(message); };
                                ^

Error: Missing index resource: css/modes.css
    at fail (file:///home/runner/work/keynlock/keynlock/scripts/check.mjs:8:33)
    at file:///home/runner/work/keynlock/keynlock/scripts/check.mjs:38:40
    at ModuleJob.run (node:internal/modules/esm/module_job:343:25)
    at async onImport.tracePromise.__proto__ (node:internal/modules/esm/loader:681:26)
    at async asyncRunEntryPointWithESMLoader (node:internal/modules/run_main:117:5)

Node.js v22.23.2
smoke_rc=1
=== interactive ===
root 200
pageerrors []
interactive_rc=0
=== http 4xx ===
